Archive member included to satisfy reference by file (symbol)

/usr/local/Cellar/arm-none-eabi-gcc/9-2019-q4-major/gcc/bin/../lib/gcc/arm-none-eabi/9.2.1/thumb/v6-m/nofp/libgcc.a(_dvmd_tls.o)
                              CMakeFiles/isla.dir/Users/breadbook/Documents/Pico_Projects/Pico/pico-sdk/src/rp2_common/pico_divider/divider.S.obj (__aeabi_idiv0)
/usr/local/Cellar/arm-none-eabi-gcc/9-2019-q4-major/gcc/bin/../lib/gcc/arm-none-eabi/9.2.1/../../../../arm-none-eabi/lib/thumb/v6-m/nofp/libc.a(lib_a-calloc.o)
                              CMakeFiles/isla.dir/Users/breadbook/Documents/Pico_Projects/Pico/pico-sdk/src/rp2_common/pico_malloc/pico_malloc.c.obj (calloc)
/usr/local/Cellar/arm-none-eabi-gcc/9-2019-q4-major/gcc/bin/../lib/gcc/arm-none-eabi/9.2.1/../../../../arm-none-eabi/lib/thumb/v6-m/nofp/libc.a(lib_a-callocr.o)
                              /usr/local/Cellar/arm-none-eabi-gcc/9-2019-q4-major/gcc/bin/../lib/gcc/arm-none-eabi/9.2.1/../../../../arm-none-eabi/lib/thumb/v6-m/nofp/libc.a(lib_a-calloc.o) (_calloc_r)
/usr/local/Cellar/arm-none-eabi-gcc/9-2019-q4-major/gcc/bin/../lib/gcc/arm-none-eabi/9.2.1/../../../../arm-none-eabi/lib/thumb/v6-m/nofp/libc.a(lib_a-impure.o)
                              /usr/local/Cellar/arm-none-eabi-gcc/9-2019-q4-major/gcc/bin/../lib/gcc/arm-none-eabi/9.2.1/../../../../arm-none-eabi/lib/thumb/v6-m/nofp/libc.a(lib_a-calloc.o) (_impure_ptr)
/usr/local/Cellar/arm-none-eabi-gcc/9-2019-q4-major/gcc/bin/../lib/gcc/arm-none-eabi/9.2.1/../../../../arm-none-eabi/lib/thumb/v6-m/nofp/libc.a(lib_a-init.o)
                              /usr/local/Cellar/arm-none-eabi-gcc/9-2019-q4-major/gcc/bin/../lib/gcc/arm-none-eabi/9.2.1/../../../../arm-none-eabi/lib/thumb/v6-m/nofp/crt0.o (__libc_init_array)
/usr/local/Cellar/arm-none-eabi-gcc/9-2019-q4-major/gcc/bin/../lib/gcc/arm-none-eabi/9.2.1/../../../../arm-none-eabi/lib/thumb/v6-m/nofp/libc.a(lib_a-malloc.o)
                              CMakeFiles/isla.dir/Users/breadbook/Documents/Pico_Projects/Pico/pico-sdk/src/rp2_common/pico_malloc/pico_malloc.c.obj (malloc)
/usr/local/Cellar/arm-none-eabi-gcc/9-2019-q4-major/gcc/bin/../lib/gcc/arm-none-eabi/9.2.1/../../../../arm-none-eabi/lib/thumb/v6-m/nofp/libc.a(lib_a-mallocr.o)
                              /usr/local/Cellar/arm-none-eabi-gcc/9-2019-q4-major/gcc/bin/../lib/gcc/arm-none-eabi/9.2.1/../../../../arm-none-eabi/lib/thumb/v6-m/nofp/libc.a(lib_a-callocr.o) (_malloc_r)
/usr/local/Cellar/arm-none-eabi-gcc/9-2019-q4-major/gcc/bin/../lib/gcc/arm-none-eabi/9.2.1/../../../../arm-none-eabi/lib/thumb/v6-m/nofp/libc.a(lib_a-mlock.o)
                              /usr/local/Cellar/arm-none-eabi-gcc/9-2019-q4-major/gcc/bin/../lib/gcc/arm-none-eabi/9.2.1/../../../../arm-none-eabi/lib/thumb/v6-m/nofp/libc.a(lib_a-mallocr.o) (__malloc_lock)
/usr/local/Cellar/arm-none-eabi-gcc/9-2019-q4-major/gcc/bin/../lib/gcc/arm-none-eabi/9.2.1/../../../../arm-none-eabi/lib/thumb/v6-m/nofp/libc.a(lib_a-sbrkr.o)
                              /usr/local/Cellar/arm-none-eabi-gcc/9-2019-q4-major/gcc/bin/../lib/gcc/arm-none-eabi/9.2.1/../../../../arm-none-eabi/lib/thumb/v6-m/nofp/libc.a(lib_a-mallocr.o) (_sbrk_r)
/usr/local/Cellar/arm-none-eabi-gcc/9-2019-q4-major/gcc/bin/../lib/gcc/arm-none-eabi/9.2.1/../../../../arm-none-eabi/lib/thumb/v6-m/nofp/libc.a(lib_a-strlen-stub.o)
                              CMakeFiles/isla.dir/Users/breadbook/Documents/Pico_Projects/Pico/pico-sdk/src/rp2_common/pico_stdio/stdio.c.obj (strlen)
/usr/local/Cellar/arm-none-eabi-gcc/9-2019-q4-major/gcc/bin/../lib/gcc/arm-none-eabi/9.2.1/../../../../arm-none-eabi/lib/thumb/v6-m/nofp/libc.a(lib_a-freer.o)
                              /usr/local/Cellar/arm-none-eabi-gcc/9-2019-q4-major/gcc/bin/../lib/gcc/arm-none-eabi/9.2.1/../../../../arm-none-eabi/lib/thumb/v6-m/nofp/libc.a(lib_a-malloc.o) (_free_r)
/usr/local/Cellar/arm-none-eabi-gcc/9-2019-q4-major/gcc/bin/../lib/gcc/arm-none-eabi/9.2.1/../../../../arm-none-eabi/lib/thumb/v6-m/nofp/libc.a(lib_a-lock.o)
                              /usr/local/Cellar/arm-none-eabi-gcc/9-2019-q4-major/gcc/bin/../lib/gcc/arm-none-eabi/9.2.1/../../../../arm-none-eabi/lib/thumb/v6-m/nofp/libc.a(lib_a-mlock.o) (__retarget_lock_acquire_recursive)
/usr/local/Cellar/arm-none-eabi-gcc/9-2019-q4-major/gcc/bin/../lib/gcc/arm-none-eabi/9.2.1/../../../../arm-none-eabi/lib/thumb/v6-m/nofp/libc.a(lib_a-reent.o)
                              /usr/local/Cellar/arm-none-eabi-gcc/9-2019-q4-major/gcc/bin/../lib/gcc/arm-none-eabi/9.2.1/../../../../arm-none-eabi/lib/thumb/v6-m/nofp/libc.a(lib_a-sbrkr.o) (errno)

Allocating common symbols
Common symbol       size              file

__lock___atexit_recursive_mutex
                    0x1               /usr/local/Cellar/arm-none-eabi-gcc/9-2019-q4-major/gcc/bin/../lib/gcc/arm-none-eabi/9.2.1/../../../../arm-none-eabi/lib/thumb/v6-m/nofp/libc.a(lib_a-lock.o)
[...]
Memory Configuration

Name             Origin             Length             Attributes
FLASH            0x0000000010000000 0x0000000000200000 xr
RAM              0x0000000020000000 0x0000000000040000 xrw
SCRATCH_X        0x0000000020040000 0x0000000000001000 xrw
SCRATCH_Y        0x0000000020041000 0x0000000000001000 xrw
*default*        0x0000000000000000 0xffffffffffffffff

Linker script and memory map

LOAD /usr/local/Cellar/arm-none-eabi-gcc/9-2019-q4-major/gcc/bin/../lib/gcc/arm-none-eabi/9.2.1/thumb/v6-m/nofp/crti.o
LOAD /usr/local/Cellar/arm-none-eabi-gcc/9-2019-q4-major/gcc/bin/../lib/gcc/arm-none-eabi/9.2.1/thumb/v6-m/nofp/crtbegin.o
LOAD /usr/local/Cellar/arm-none-eabi-gcc/9-2019-q4-major/gcc/bin/../lib/gcc/arm-none-eabi/9.2.1/../../../../arm-none-eabi/lib/thumb/v6-m/nofp/crt0.o

.flash_begin    0x0000000010000000        0x0
                0x0000000010000000                __flash_binary_start = .

.boot2          0x0000000010000000      0x100
                0x0000000010000000                __boot2_start__ = .
 *(.boot2)
 .boot2         0x0000000010000000      0x100 /var/folders/xy/4ngrtz112f729jdvb4m9j8w80000gn/T//ccVpZQVn.o
                0x0000000010000100                __boot2_end__ = .
                0x0000000000000001                ASSERT (((__boot2_end__ - __boot2_start__) == 0x100), ERROR: Pico second stage bootloader must be 256 bytes in size)

.text           0x0000000010000100     0x2058
                0x0000000010000100                __logical_binary_start = .
 *(.vectors)
 .vectors       0x0000000010000100       0xd4 CMakeFiles/isla.dir/Users/breadbook/Documents/Pico_Projects/Pico/pico-sdk/src/rp2_common/pico_standard_link/crt0.S.obj
                0x0000000010000100                __VECTOR_TABLE
                0x0000000010000100                __vectors
                0x00000000100001c0                __default_isrs_start
                0x00000000100001c0                isr_invalid
                0x00000000100001c2                isr_nmi
                0x00000000100001c4                isr_hardfault
                0x00000000100001c6                isr_svcall
                0x00000000100001c8                isr_pendsv
                0x00000000100001ca                isr_systick
                0x00000000100001cc                isr_irq28
                0x00000000100001cc                isr_irq19
                0x00000000100001cc                isr_irq0
                0x00000000100001cc                isr_irq6
                0x00000000100001cc                isr_irq22
                0x00000000100001cc                isr_irq17
                0x00000000100001cc                isr_irq14
                0x00000000100001cc                isr_irq2
                0x00000000100001cc                isr_irq10
                0x00000000100001cc                isr_irq8
                0x00000000100001cc                isr_irq24
                0x00000000100001cc                isr_irq1
                0x00000000100001cc                isr_irq7
                0x00000000100001cc                isr_irq21
                0x00000000100001cc                isr_irq20
                0x00000000100001cc                isr_irq15
                0x00000000100001cc                isr_irq25
                0x00000000100001cc                isr_irq4
                0x00000000100001cc                isr_irq16
                0x00000000100001cc                isr_irq29
                0x00000000100001cc                isr_irq26
                0x00000000100001cc                __default_isrs_end
                0x00000000100001cc                isr_irq3
                0x00000000100001cc                isr_irq9
                0x00000000100001cc                __unhandled_user_irq
                0x00000000100001cc                isr_irq13
                0x00000000100001cc                isr_irq27
                0x00000000100001cc                isr_irq31
                0x00000000100001cc                isr_irq5
                0x00000000100001cc                isr_irq11
                0x00000000100001cc                isr_irq23
                0x00000000100001cc                isr_irq18
                0x00000000100001cc                isr_irq30
                0x00000000100001cc                isr_irq12
                0x00000000100001d2                unhandled_user_irq_num_in_r0
 *(.binary_info_header)
 .binary_info_header
                0x00000000100001d4       0x14 CMakeFiles/isla.dir/Users/breadbook/Documents/Pico_Projects/Pico/pico-sdk/src/rp2_common/pico_standard_link/crt0.S.obj
                0x00000000100001e8                __binary_info_header_end = .
 *(.reset)
 .reset         0x00000000100001e8       0xa8 CMakeFiles/isla.dir/Users/breadbook/Documents/Pico_Projects/Pico/pico-sdk/src/rp2_common/pico_standard_link/crt0.S.obj
                0x00000000100001e8                _entry_point
                0x0000000010000266                __get_current_exception
 .reset         0x0000000010000290       0x30 CMakeFiles/isla.dir/Users/breadbook/Documents/Pico_Projects/Pico/pico-sdk/src/rp2_common/pico_standard_link/binary_info.c.obj
 *(.init)
 .init          0x00000000100002c0        0x4 /usr/local/Cellar/arm-none-eabi-gcc/9-2019-q4-major/gcc/bin/../lib/gcc/arm-none-eabi/9.2.1/thumb/v6-m/nofp/crti.o
                0x00000000100002c0                _init
 *(EXCLUDE_FILE(*libm.a: *libc.a:*lib_a-mem*.o *libgcc.a:) .text*)
 .text          0x00000000100002c4       0x48 /usr/local/Cellar/arm-none-eabi-gcc/9-2019-q4-major/gcc/bin/../lib/gcc/arm-none-eabi/9.2.1/thumb/v6-m/nofp/crtbegin.o
 .text.counter_1
                0x000000001000030c       0x10 CMakeFiles/isla.dir/isla.c.obj
                0x000000001000030c                counter_1
 .text.counter_2
                0x000000001000031c       0x10 CMakeFiles/isla.dir/isla.c.obj
                0x000000001000031c                counter_2
 .text.timer_callback
                0x000000001000032c      0x10c CMakeFiles/isla.dir/isla.c.obj
                0x000000001000032c                timer_callback
 .text.startup.main
                0x0000000010000438      0x108 CMakeFiles/isla.dir/isla.c.obj
                0x0000000010000438                main
 .text.gpio_irq_handler
                0x0000000010000540       0x7c CMakeFiles/isla.dir/Users/breadbook/Documents/Pico_Projects/Pico/pico-sdk/src/rp2_common/hardware_gpio/gpio.c.obj
 .text.gpio_set_function
                0x00000000100005bc       0x30 CMakeFiles/isla.dir/Users/breadbook/Documents/Pico_Projects/Pico/pico-sdk/src/rp2_common/hardware_gpio/gpio.c.obj
                0x00000000100005bc                gpio_set_function
 .text.gpio_set_irq_enabled_with_callback
                0x00000000100005ec       0x78 CMakeFiles/isla.dir/Users/breadbook/Documents/Pico_Projects/Pico/pico-sdk/src/rp2_common/hardware_gpio/gpio.c.obj
                0x00000000100005ec                gpio_set_irq_enabled_with_callback
 .text.gpio_init
                0x0000000010000664       0x3c CMakeFiles/isla.dir/Users/breadbook/Documents/Pico_Projects/Pico/pico-sdk/src/rp2_common/hardware_gpio/gpio.c.obj
                0x0000000010000664                gpio_init
 .text.hw_claim_or_assert
                0x00000000100006a0       0x48 CMakeFiles/isla.dir/Users/breadbook/Documents/Pico_Projects/Pico/pico-sdk/src/rp2_common/hardware_claim/claim.c.obj
                0x00000000100006a0                hw_claim_or_assert
 .text.running_on_fpga
                0x00000000100006e8       0x10 CMakeFiles/isla.dir/Users/breadbook/Documents/Pico_Projects/Pico/pico-sdk/src/rp2_common/pico_platform/platform.c.obj
                0x00000000100006e8                running_on_fpga
 .text.spin_locks_reset
                0x00000000100006f8       0x1c CMakeFiles/isla.dir/Users/breadbook/Documents/Pico_Projects/Pico/pico-sdk/src/rp2_common/hardware_sync/sync.c.obj
                0x00000000100006f8                spin_locks_reset
 .text.next_striped_spin_lock_num
                0x0000000010000714       0x18 CMakeFiles/isla.dir/Users/breadbook/Documents/Pico_Projects/Pico/pico-sdk/src/rp2_common/hardware_sync/sync.c.obj
                0x0000000010000714                next_striped_spin_lock_num
 .text.timer_pool_entry_comparator
                0x000000001000072c       0x34 CMakeFiles/isla.dir/Users/breadbook/Documents/Pico_Projects/Pico/pico-sdk/src/common/pico_time/time.c.obj
                0x000000001000072c                timer_pool_entry_comparator
 .text.repeating_timer_callback
                0x0000000010000760       0x1c CMakeFiles/isla.dir/Users/breadbook/Documents/Pico_Projects/Pico/pico-sdk/src/common/pico_time/time.c.obj
 .text.add_alarm_under_lock
                0x000000001000077c      0x108 CMakeFiles/isla.dir/Users/breadbook/Documents/Pico_Projects/Pico/pico-sdk/src/common/pico_time/time.c.obj
 .text.alarm_pool_alarm_callback
                0x0000000010000884      0x1c8 CMakeFiles/isla.dir/Users/breadbook/Documents/Pico_Projects/Pico/pico-sdk/src/common/pico_time/time.c.obj
 .text.alarm_pool_init_default
                0x0000000010000a4c       0x64 CMakeFiles/isla.dir/Users/breadbook/Documents/Pico_Projects/Pico/pico-sdk/src/common/pico_time/time.c.obj
                0x0000000010000a4c                alarm_pool_init_default
 .text.alarm_pool_get_default
                0x0000000010000ab0        0x8 CMakeFiles/isla.dir/Users/breadbook/Documents/Pico_Projects/Pico/pico-sdk/src/common/pico_time/time.c.obj
                0x0000000010000ab0                alarm_pool_get_default
 .text.alarm_pool_add_repeating_timer_us
                0x0000000010000ab8      0x224 CMakeFiles/isla.dir/Users/breadbook/Documents/Pico_Projects/Pico/pico-sdk/src/common/pico_time/time.c.obj
                0x0000000010000ab8                alarm_pool_add_repeating_timer_us
 .text.hardware_alarm_irq_handler
                0x0000000010000cdc       0xb8 CMakeFiles/isla.dir/Users/breadbook/Documents/Pico_Projects/Pico/pico-sdk/src/rp2_common/hardware_timer/timer.c.obj
 .text.hardware_alarm_claim
                0x0000000010000d94       0x18 CMakeFiles/isla.dir/Users/breadbook/Documents/Pico_Projects/Pico/pico-sdk/src/rp2_common/hardware_timer/timer.c.obj
                0x0000000010000d94                hardware_alarm_claim
 .text.time_us_64
                0x0000000010000dac       0x14 CMakeFiles/isla.dir/Users/breadbook/Documents/Pico_Projects/Pico/pico-sdk/src/rp2_common/hardware_timer/timer.c.obj
                0x0000000010000dac                time_us_64
 .text.hardware_alarm_set_callback
                0x0000000010000dc0       0x8c CMakeFiles/isla.dir/Users/breadbook/Documents/Pico_Projects/Pico/pico-sdk/src/rp2_common/hardware_timer/timer.c.obj
                0x0000000010000dc0                hardware_alarm_set_callback
 .text.hardware_alarm_set_target
                0x0000000010000e4c       0xe4 CMakeFiles/isla.dir/Users/breadbook/Documents/Pico_Projects/Pico/pico-sdk/src/rp2_common/hardware_timer/timer.c.obj
                0x0000000010000e4c                hardware_alarm_set_target
 .text.hardware_alarm_cancel
                0x0000000010000f30       0x40 CMakeFiles/isla.dir/Users/breadbook/Documents/Pico_Projects/Pico/pico-sdk/src/rp2_common/hardware_timer/timer.c.obj
                0x0000000010000f30                hardware_alarm_cancel
 .text.lock_init
                0x0000000010000f70       0x10 CMakeFiles/isla.dir/Users/breadbook/Documents/Pico_Projects/Pico/pico-sdk/src/common/pico_sync/lock_core.c.obj
                0x0000000010000f70                lock_init
 .text.mutex_init
                0x0000000010000f80       0x1c CMakeFiles/isla.dir/Users/breadbook/Documents/Pico_Projects/Pico/pico-sdk/src/common/pico_sync/mutex.c.obj
                0x0000000010000f80                mutex_init
 .text.recursive_mutex_init
                0x0000000010000f9c       0x1c CMakeFiles/isla.dir/Users/breadbook/Documents/Pico_Projects/Pico/pico-sdk/src/common/pico_sync/mutex.c.obj
                0x0000000010000f9c                recursive_mutex_init
 .text.ph_merge_nodes
                0x0000000010000fb8       0x68 CMakeFiles/isla.dir/Users/breadbook/Documents/Pico_Projects/Pico/pico-sdk/src/common/pico_util/pheap.c.obj
 .text.ph_post_alloc_init
                0x0000000010001020       0x3c CMakeFiles/isla.dir/Users/breadbook/Documents/Pico_Projects/Pico/pico-sdk/src/common/pico_util/pheap.c.obj
                0x0000000010001020                ph_post_alloc_init
 .text.ph_merge_two_pass
                0x000000001000105c       0x90 CMakeFiles/isla.dir/Users/breadbook/Documents/Pico_Projects/Pico/pico-sdk/src/common/pico_util/pheap.c.obj
                0x000000001000105c                ph_merge_two_pass
 .text.ph_remove_any_head
                0x00000000100010ec       0xf8 CMakeFiles/isla.dir/Users/breadbook/Documents/Pico_Projects/Pico/pico-sdk/src/common/pico_util/pheap.c.obj
 .text.ph_remove_head
                0x00000000100011e4      0x13c CMakeFiles/isla.dir/Users/breadbook/Documents/Pico_Projects/Pico/pico-sdk/src/common/pico_util/pheap.c.obj
                0x00000000100011e4                ph_remove_head
 .text.ph_remove_and_free_node
                0x0000000010001320       0x7c CMakeFiles/isla.dir/Users/breadbook/Documents/Pico_Projects/Pico/pico-sdk/src/common/pico_util/pheap.c.obj
                0x0000000010001320                ph_remove_and_free_node
 .text.runtime_init
                0x000000001000139c       0xfc CMakeFiles/isla.dir/Users/breadbook/Documents/Pico_Projects/Pico/pico-sdk/src/rp2_common/pico_runtime/runtime.c.obj
                0x000000001000139c                runtime_init
 .text.exit     0x0000000010001498        0x4 CMakeFiles/isla.dir/Users/breadbook/Documents/Pico_Projects/Pico/pico-sdk/src/rp2_common/pico_runtime/runtime.c.obj
                0x0000000010001498                exit
 .text.panic    0x000000001000149c       0x30 CMakeFiles/isla.dir/Users/breadbook/Documents/Pico_Projects/Pico/pico-sdk/src/rp2_common/pico_runtime/runtime.c.obj
                0x000000001000149c                panic
 .text.hard_assertion_failure
                0x00000000100014cc        0xc CMakeFiles/isla.dir/Users/breadbook/Documents/Pico_Projects/Pico/pico-sdk/src/rp2_common/pico_runtime/runtime.c.obj
                0x00000000100014cc                hard_assertion_failure
 .text.clocks_init
                0x00000000100014d8      0x2bc CMakeFiles/isla.dir/Users/breadbook/Documents/Pico_Projects/Pico/pico-sdk/src/rp2_common/hardware_clocks/clocks.c.obj
                0x00000000100014d8                clocks_init
 .text.irq_set_enabled
                0x0000000010001794       0x24 CMakeFiles/isla.dir/Users/breadbook/Documents/Pico_Projects/Pico/pico-sdk/src/rp2_common/hardware_irq/irq.c.obj
                0x0000000010001794                irq_set_enabled
 .text.irq_get_vtable_handler
                0x00000000100017b8       0x10 CMakeFiles/isla.dir/Users/breadbook/Documents/Pico_Projects/Pico/pico-sdk/src/rp2_common/hardware_irq/irq.c.obj
                0x00000000100017b8                irq_get_vtable_handler
 .text.irq_set_exclusive_handler
                0x00000000100017c8       0x54 CMakeFiles/isla.dir/Users/breadbook/Documents/Pico_Projects/Pico/pico-sdk/src/rp2_common/hardware_irq/irq.c.obj
                0x00000000100017c8                irq_set_exclusive_handler
 .text.irq_remove_handler
                0x000000001000181c      0x1b8 CMakeFiles/isla.dir/Users/breadbook/Documents/Pico_Projects/Pico/pico-sdk/src/rp2_common/hardware_irq/irq.c.obj
                0x000000001000181c                irq_remove_handler
 .text.irq_add_tail_to_free_list
                0x00000000100019d4       0xb8 CMakeFiles/isla.dir/Users/breadbook/Documents/Pico_Projects/Pico/pico-sdk/src/rp2_common/hardware_irq/irq.c.obj
                0x00000000100019d4                irq_add_tail_to_free_list
 .text.irq_init_priorities
                0x0000000010001a8c       0x38 CMakeFiles/isla.dir/Users/breadbook/Documents/Pico_Projects/Pico/pico-sdk/src/rp2_common/hardware_irq/irq.c.obj
                0x0000000010001a8c                irq_init_priorities
 .text.pll_init
                0x0000000010001ac4       0xa4 CMakeFiles/isla.dir/Users/breadbook/Documents/Pico_Projects/Pico/pico-sdk/src/rp2_common/hardware_pll/pll.c.obj
                0x0000000010001ac4                pll_init
 .text.watchdog_start_tick
                0x0000000010001b68       0x10 CMakeFiles/isla.dir/Users/breadbook/Documents/Pico_Projects/Pico/pico-sdk/src/rp2_common/hardware_watchdog/watchdog.c.obj
                0x0000000010001b68                watchdog_start_tick
 .text.xosc_init
                0x0000000010001b78       0x28 CMakeFiles/isla.dir/Users/breadbook/Documents/Pico_Projects/Pico/pico-sdk/src/rp2_common/hardware_xosc/xosc.c.obj
                0x0000000010001b78                xosc_init
 .text._out_char
                0x0000000010001ba0       0x10 CMakeFiles/isla.dir/Users/breadbook/Documents/Pico_Projects/Pico/pico-sdk/src/rp2_common/pico_printf/printf.c.obj
 .text.weak_raw_vprintf
                0x0000000010001bb0       0x30 CMakeFiles/isla.dir/Users/breadbook/Documents/Pico_Projects/Pico/pico-sdk/src/rp2_common/pico_printf/printf.c.obj
                0x0000000010001bb0                weak_raw_vprintf
 .text          0x0000000010001be0       0x10 CMakeFiles/isla.dir/Users/breadbook/Documents/Pico_Projects/Pico/pico-sdk/src/rp2_common/pico_bit_ops/bit_ops_aeabi.S.obj
 .text.rom_func_lookup
                0x0000000010001bf0       0x10 CMakeFiles/isla.dir/Users/breadbook/Documents/Pico_Projects/Pico/pico-sdk/src/rp2_common/pico_bootrom/bootrom.c.obj
                0x0000000010001bf0                rom_func_lookup
 .text.rom_data_lookup
                0x0000000010001c00       0x10 CMakeFiles/isla.dir/Users/breadbook/Documents/Pico_Projects/Pico/pico-sdk/src/rp2_common/pico_bootrom/bootrom.c.obj
                0x0000000010001c00                rom_data_lookup
 .text.rom_funcs_lookup
                0x0000000010001c10       0x3c CMakeFiles/isla.dir/Users/breadbook/Documents/Pico_Projects/Pico/pico-sdk/src/rp2_common/pico_bootrom/bootrom.c.obj
                0x0000000010001c10                rom_funcs_lookup
 .text.__wrap___aeabi_idiv
                0x0000000010001c4c       0x50 CMakeFiles/isla.dir/Users/breadbook/Documents/Pico_Projects/Pico/pico-sdk/src/rp2_common/pico_divider/divider.S.obj
                0x0000000010001c4c                __wrap___aeabi_idivmod
                0x0000000010001c4c                divmod_s32s32
                0x0000000010001c4c                div_s32s32
                0x0000000010001c4c                __wrap___aeabi_idiv
                0x0000000010001c54                divmod_s32s32_unsafe
                0x0000000010001c80                divmod_s32s32_savestate
 .text.__wrap___aeabi_uidiv
                0x0000000010001c9c       0x4c CMakeFiles/isla.dir/Users/breadbook/Documents/Pico_Projects/Pico/pico-sdk/src/rp2_common/pico_divider/divider.S.obj
                0x0000000010001c9c                __wrap___aeabi_uidiv
                0x0000000010001c9c                __wrap___aeabi_uidivmod
                0x0000000010001c9c                div_u32u32
                0x0000000010001c9c                divmod_u32u32
                0x0000000010001ca4                divmod_u32u32_unsafe
                0x0000000010001ccc                divmod_u32u32_savestate
 .text.__aeabi_double_init
                0x0000000010001ce8       0xac CMakeFiles/isla.dir/Users/breadbook/Documents/Pico_Projects/Pico/pico-sdk/src/rp2_common/pico_double/double_init_rom.c.obj
                0x0000000010001ce8                __aeabi_double_init
 .text.double_table_shim_on_use_helper
                0x0000000010001d94       0x2c CMakeFiles/isla.dir/Users/breadbook/Documents/Pico_Projects/Pico/pico-sdk/src/rp2_common/pico_double/double_v1_rom_shim.S.obj
                0x0000000010001d94                double_table_shim_on_use_helper
 .text.__aeabi_float_init
                0x0000000010001dc0       0x64 CMakeFiles/isla.dir/Users/breadbook/Documents/Pico_Projects/Pico/pico-sdk/src/rp2_common/pico_float/float_init_rom.c.obj
                0x0000000010001dc0                __aeabi_float_init
 .text.float_table_shim_on_use_helper
                0x0000000010001e24       0x2c CMakeFiles/isla.dir/Users/breadbook/Documents/Pico_Projects/Pico/pico-sdk/src/rp2_common/pico_float/float_v1_rom_shim.S.obj
                0x0000000010001e24                float_table_shim_on_use_helper
 .text          0x0000000010001e50       0x10 CMakeFiles/isla.dir/Users/breadbook/Documents/Pico_Projects/Pico/pico-sdk/src/rp2_common/pico_mem_ops/mem_ops_aeabi.S.obj
                0x0000000010001e50                __aeabi_mem_init
 .text.memset   0x0000000010001e60        0xc CMakeFiles/isla.dir/Users/breadbook/Documents/Pico_Projects/Pico/pico-sdk/src/rp2_common/pico_mem_ops/mem_ops_aeabi.S.obj
                0x0000000010001e60                __wrap_memset
 .text.memcpy   0x0000000010001e6c        0xc CMakeFiles/isla.dir/Users/breadbook/Documents/Pico_Projects/Pico/pico-sdk/src/rp2_common/pico_mem_ops/mem_ops_aeabi.S.obj
                0x0000000010001e6c                __wrap___aeabi_memcpy
                0x0000000010001e6c                __wrap_memcpy
 .text.stdio_out_chars_crlf.part.0
                0x0000000010001e78       0x84 CMakeFiles/isla.dir/Users/breadbook/Documents/Pico_Projects/Pico/pico-sdk/src/rp2_common/pico_stdio/stdio.c.obj
 .text.stdio_put_string
                0x0000000010001efc      0x100 CMakeFiles/isla.dir/Users/breadbook/Documents/Pico_Projects/Pico/pico-sdk/src/rp2_common/pico_stdio/stdio.c.obj
 .text.__wrap_putchar
                0x0000000010001ffc       0x1c CMakeFiles/isla.dir/Users/breadbook/Documents/Pico_Projects/Pico/pico-sdk/src/rp2_common/pico_stdio/stdio.c.obj
                0x0000000010001ffc                __wrap_putchar
 .text.__wrap_puts
                0x0000000010002018       0x3c CMakeFiles/isla.dir/Users/breadbook/Documents/Pico_Projects/Pico/pico-sdk/src/rp2_common/pico_stdio/stdio.c.obj
                0x0000000010002018                __wrap_puts
 .text.startup._retrieve_unique_id_on_boot
                0x0000000010002054       0x10 CMakeFiles/isla.dir/Users/breadbook/Documents/Pico_Projects/Pico/pico-sdk/src/rp2_common/pico_unique_id/unique_id.c.obj
 .text.flash_get_unique_id
                0x0000000010002064       0x40 CMakeFiles/isla.dir/Users/breadbook/Documents/Pico_Projects/Pico/pico-sdk/src/rp2_common/hardware_flash/flash.c.obj
                0x0000000010002064                flash_get_unique_id
 .text.strlen   0x00000000100020a4       0x5c /usr/local/Cellar/arm-none-eabi-gcc/9-2019-q4-major/gcc/bin/../lib/gcc/arm-none-eabi/9.2.1/../../../../arm-none-eabi/lib/thumb/v6-m/nofp/libc.a(lib_a-strlen-stub.o)
                0x00000000100020a4                strlen
 *(.fini)
 .fini          0x0000000010002100        0x4 /usr/local/Cellar/arm-none-eabi-gcc/9-2019-q4-major/gcc/bin/../lib/gcc/arm-none-eabi/9.2.1/thumb/v6-m/nofp/crti.o
                0x0000000010002100                _fini
 *fill*         0x0000000010002104        0x4 
 .fini.__stub   0x0000000010002108       0x50 linker stubs
 *crtbegin.o(.ctors)
 *crtbegin?.o(.ctors)
 *(EXCLUDE_FILE(*crtend.o *crtend?.o) .ctors)
 *(SORT_BY_NAME(.ctors.*))
 *(.ctors)
 *crtbegin.o(.dtors)
 *crtbegin?.o(.dtors)
 *(EXCLUDE_FILE(*crtend.o *crtend?.o) .dtors)
 *(SORT_BY_NAME(.dtors.*))
 *(.dtors)
 *(.eh_frame*)
 .eh_frame      0x0000000010002158        0x0 /usr/local/Cellar/arm-none-eabi-gcc/9-2019-q4-major/gcc/bin/../lib/gcc/arm-none-eabi/9.2.1/thumb/v6-m/nofp/crtbegin.o
                0x0000000010002158                . = ALIGN (0x4)

.glue_7         0x0000000010002158        0x0
 .glue_7        0x0000000010002158        0x0 linker stubs

.glue_7t        0x0000000010002158        0x0
 .glue_7t       0x0000000010002158        0x0 linker stubs

.vfp11_veneer   0x0000000010002158        0x0
 .vfp11_veneer  0x0000000010002158        0x0 linker stubs

.v4_bx          0x0000000010002158        0x0
 .v4_bx         0x0000000010002158        0x0 linker stubs

.iplt           0x0000000010002158        0x0
 .iplt          0x0000000010002158        0x0 /usr/local/Cellar/arm-none-eabi-gcc/9-2019-q4-major/gcc/bin/../lib/gcc/arm-none-eabi/9.2.1/thumb/v6-m/nofp/crtbegin.o

.rodata         0x0000000010002158       0xa8
 *(EXCLUDE_FILE(*libm.a: *libc.a:*lib_a-mem*.o *libgcc.a:) .rodata*)
 .rodata.hardware_alarm_claim.str1.4
                0x0000000010002158       0x22 CMakeFiles/isla.dir/Users/breadbook/Documents/Pico_Projects/Pico/pico-sdk/src/rp2_common/hardware_timer/timer.c.obj
 *fill*         0x000000001000217a        0x2 
 .rodata.panic.str1.4
                0x000000001000217c       0x12 CMakeFiles/isla.dir/Users/breadbook/Documents/Pico_Projects/Pico/pico-sdk/src/rp2_common/pico_runtime/runtime.c.obj
 *fill*         0x000000001000218e        0x2 
 .rodata.hard_assertion_failure.str1.4
                0x0000000010002190        0xc CMakeFiles/isla.dir/Users/breadbook/Documents/Pico_Projects/Pico/pico-sdk/src/rp2_common/pico_runtime/runtime.c.obj
 .rodata.str1.4
                0x000000001000219c       0x3c CMakeFiles/isla.dir/Users/breadbook/Documents/Pico_Projects/Pico/pico-sdk/src/rp2_common/pico_standard_link/binary_info.c.obj
 .rodata.__bi_44
                0x00000000100021d8        0xc CMakeFiles/isla.dir/Users/breadbook/Documents/Pico_Projects/Pico/pico-sdk/src/rp2_common/pico_standard_link/binary_info.c.obj
 .rodata.__bi_75
                0x00000000100021e4        0xc CMakeFiles/isla.dir/Users/breadbook/Documents/Pico_Projects/Pico/pico-sdk/src/rp2_common/pico_standard_link/binary_info.c.obj
 .rodata.__bi_81
                0x00000000100021f0        0xc CMakeFiles/isla.dir/Users/breadbook/Documents/Pico_Projects/Pico/pico-sdk/src/rp2_common/pico_standard_link/binary_info.c.obj
 .rodata.crlf_str.5875
                0x00000000100021fc        0x2 CMakeFiles/isla.dir/Users/breadbook/Documents/Pico_Projects/Pico/pico-sdk/src/rp2_common/pico_stdio/stdio.c.obj
                0x0000000010002200                . = ALIGN (0x4)
 *fill*         0x00000000100021fe        0x2 
 *(SORT_BY_ALIGNMENT(SORT_BY_NAME(.flashdata*)))
                0x0000000010002200                . = ALIGN (0x4)

.rel.dyn        0x0000000010002200        0x0
 .rel.iplt      0x0000000010002200        0x0 /usr/local/Cellar/arm-none-eabi-gcc/9-2019-q4-major/gcc/bin/../lib/gcc/arm-none-eabi/9.2.1/thumb/v6-m/nofp/crtbegin.o

.ARM.extab
 *(.ARM.extab* .gnu.linkonce.armextab.*)
                0x0000000010002200                __exidx_start = .

.ARM.exidx
 *(.ARM.exidx* .gnu.linkonce.armexidx.*)
                0x0000000010002200                __exidx_end = .
                0x0000000010002200                . = ALIGN (0x4)
                0x0000000010002200                __binary_info_start = .

.binary_info    0x0000000010002200       0x1c
 *(.binary_info.keep.*)
 .binary_info.keep.__bi_ptr22
                0x0000000010002200        0x4 CMakeFiles/isla.dir/Users/breadbook/Documents/Pico_Projects/Pico/pico-sdk/src/rp2_common/pico_standard_link/binary_info.c.obj
 .binary_info.keep.__bi_ptr30
                0x0000000010002204        0x4 CMakeFiles/isla.dir/Users/breadbook/Documents/Pico_Projects/Pico/pico-sdk/src/rp2_common/pico_standard_link/binary_info.c.obj
 .binary_info.keep.__bi_ptr38
                0x0000000010002208        0x4 CMakeFiles/isla.dir/Users/breadbook/Documents/Pico_Projects/Pico/pico-sdk/src/rp2_common/pico_standard_link/binary_info.c.obj
 .binary_info.keep.__bi_ptr44
                0x000000001000220c        0x4 CMakeFiles/isla.dir/Users/breadbook/Documents/Pico_Projects/Pico/pico-sdk/src/rp2_common/pico_standard_link/binary_info.c.obj
 .binary_info.keep.__bi_ptr50
                0x0000000010002210        0x4 CMakeFiles/isla.dir/Users/breadbook/Documents/Pico_Projects/Pico/pico-sdk/src/rp2_common/pico_standard_link/binary_info.c.obj
 .binary_info.keep.__bi_ptr75
                0x0000000010002214        0x4 CMakeFiles/isla.dir/Users/breadbook/Documents/Pico_Projects/Pico/pico-sdk/src/rp2_common/pico_standard_link/binary_info.c.obj
 .binary_info.keep.__bi_ptr81
                0x0000000010002218        0x4 CMakeFiles/isla.dir/Users/breadbook/Documents/Pico_Projects/Pico/pico-sdk/src/rp2_common/pico_standard_link/binary_info.c.obj
 *(.binary_info.*)
                0x000000001000221c                __binary_info_end = .
                0x000000001000221c                . = ALIGN (0x4)
                0x000000001000221c                __etext = .

.ram_vector_table
                0x0000000020000000       0xc0
 *(.ram_vector_table)
 .ram_vector_table
                0x0000000020000000       0xc0 CMakeFiles/isla.dir/Users/breadbook/Documents/Pico_Projects/Pico/pico-sdk/src/rp2_common/pico_runtime/runtime.c.obj
                0x0000000020000000                ram_vector_table

.data           0x00000000200000c0      0x310 load address 0x000000001000221c
                0x00000000200000c0                __data_start__ = .
 *(vtable)
 *(.time_critical*)
 .time_critical.mutex_enter_blocking
                0x00000000200000c0       0x60 CMakeFiles/isla.dir/Users/breadbook/Documents/Pico_Projects/Pico/pico-sdk/src/common/pico_sync/mutex.c.obj
                0x00000000200000c0                mutex_enter_blocking
 .time_critical.mutex_try_enter
                0x0000000020000120       0x5c CMakeFiles/isla.dir/Users/breadbook/Documents/Pico_Projects/Pico/pico-sdk/src/common/pico_sync/mutex.c.obj
                0x0000000020000120                mutex_try_enter
 .time_critical.mutex_exit
                0x000000002000017c       0x5c CMakeFiles/isla.dir/Users/breadbook/Documents/Pico_Projects/Pico/pico-sdk/src/common/pico_sync/mutex.c.obj
                0x000000002000017c                mutex_exit
 .time_critical.flash_init_boot2_copyout
                0x00000000200001d8       0x30 CMakeFiles/isla.dir/Users/breadbook/Documents/Pico_Projects/Pico/pico-sdk/src/rp2_common/hardware_flash/flash.c.obj
 .time_critical.flash_enable_xip_via_boot2
                0x0000000020000208       0x10 CMakeFiles/isla.dir/Users/breadbook/Documents/Pico_Projects/Pico/pico-sdk/src/rp2_common/hardware_flash/flash.c.obj
 .time_critical.flash_cs_force
                0x0000000020000218       0x38 CMakeFiles/isla.dir/Users/breadbook/Documents/Pico_Projects/Pico/pico-sdk/src/rp2_common/hardware_flash/flash.c.obj
 .time_critical.flash_do_cmd
                0x0000000020000250       0xa8 CMakeFiles/isla.dir/Users/breadbook/Documents/Pico_Projects/Pico/pico-sdk/src/rp2_common/hardware_flash/flash.c.obj
                0x0000000020000250                flash_do_cmd
 *(.text*)
 .text          0x00000000200002f8        0x4 /usr/local/Cellar/arm-none-eabi-gcc/9-2019-q4-major/gcc/bin/../lib/gcc/arm-none-eabi/9.2.1/thumb/v6-m/nofp/libgcc.a(_dvmd_tls.o)
                0x00000000200002f8                __aeabi_ldiv0
                0x00000000200002f8                __aeabi_idiv0
 *fill*         0x00000000200002fc        0x4 
 .text.__stub   0x0000000020000300       0x10 linker stubs
                0x0000000020000310                . = ALIGN (0x4)
 *(.rodata*)
                0x0000000020000310                . = ALIGN (0x4)
 *(.data*)
 .data.PWM1     0x0000000020000310        0x4 CMakeFiles/isla.dir/isla.c.obj
                0x0000000020000310                PWM1
 .data.PWM2     0x0000000020000314        0x4 CMakeFiles/isla.dir/isla.c.obj
                0x0000000020000314                PWM2
 .data.striped_spin_lock_num
                0x0000000020000318        0x1 CMakeFiles/isla.dir/Users/breadbook/Documents/Pico_Projects/Pico/pico-sdk/src/rp2_common/hardware_sync/sync.c.obj
 *fill*         0x0000000020000319        0x3 
 .data.default_alarm_pool
                0x000000002000031c       0x18 CMakeFiles/isla.dir/Users/breadbook/Documents/Pico_Projects/Pico/pico-sdk/src/common/pico_time/time.c.obj
 .data.default_alarm_pool_heap
                0x0000000020000334       0x10 CMakeFiles/isla.dir/Users/breadbook/Documents/Pico_Projects/Pico/pico-sdk/src/common/pico_time/time.c.obj
 .data          0x0000000020000344       0x48 CMakeFiles/isla.dir/Users/breadbook/Documents/Pico_Projects/Pico/pico-sdk/src/rp2_common/hardware_irq/irq_handler_chain.S.obj
                0x0000000020000344                irq_handler_chain_slots
                0x0000000020000374                irq_handler_chain_first_slot
                0x000000002000037e                irq_handler_chain_remove_tail
 *fill*         0x000000002000038c        0x4 
 .data.aeabi_bits_funcs
                0x0000000020000390       0x10 CMakeFiles/isla.dir/Users/breadbook/Documents/Pico_Projects/Pico/pico-sdk/src/rp2_common/pico_bit_ops/bit_ops_aeabi.S.obj
                0x0000000020000390                aeabi_bits_funcs
                0x00000000200003a0                aeabi_bits_funcs_end
 .data.aeabi_mem_funcs
                0x00000000200003a0       0x10 CMakeFiles/isla.dir/Users/breadbook/Documents/Pico_Projects/Pico/pico-sdk/src/rp2_common/pico_mem_ops/mem_ops_aeabi.S.obj
                0x00000000200003a0                aeabi_mem_funcs
                0x00000000200003b0                aeabi_mem_funcs_end
                0x00000000200003b0                . = ALIGN (0x4)
 *(.after_data.*)
                0x00000000200003b0                . = ALIGN (0x4)
                0x00000000200003b0                PROVIDE (__mutex_array_start = .)
 *(SORT_BY_NAME(.mutex_array.*))
 *(.mutex_array)
 .mutex_array   0x00000000200003b0        0x8 CMakeFiles/isla.dir/Users/breadbook/Documents/Pico_Projects/Pico/pico-sdk/src/rp2_common/pico_stdio/stdio.c.obj
                0x00000000200003b8                PROVIDE (__mutex_array_end = .)
                0x00000000200003b8                . = ALIGN (0x4)
                0x00000000200003b8                PROVIDE (__preinit_array_start = .)
 *(SORT_BY_NAME(.preinit_array.*))
 .preinit_array.00001
                0x00000000200003b8        0x4 CMakeFiles/isla.dir/Users/breadbook/Documents/Pico_Projects/Pico/pico-sdk/src/rp2_common/pico_mem_ops/mem_ops_aeabi.S.obj
 .preinit_array.00010
                0x00000000200003bc        0x4 CMakeFiles/isla.dir/Users/breadbook/Documents/Pico_Projects/Pico/pico-sdk/src/rp2_common/pico_bit_ops/bit_ops_aeabi.S.obj
 .preinit_array.00020
                0x00000000200003c0        0x4 CMakeFiles/isla.dir/Users/breadbook/Documents/Pico_Projects/Pico/pico-sdk/src/rp2_common/pico_double/double_aeabi.S.obj
 .preinit_array.00020
                0x00000000200003c4        0x4 CMakeFiles/isla.dir/Users/breadbook/Documents/Pico_Projects/Pico/pico-sdk/src/rp2_common/pico_float/float_aeabi.S.obj
 *(.preinit_array)
                0x00000000200003c8                PROVIDE (__preinit_array_end = .)
                0x00000000200003c8                . = ALIGN (0x4)
                0x00000000200003c8                PROVIDE (__init_array_start = .)
 *(SORT_BY_NAME(.init_array.*))
 *(.init_array)
 .init_array    0x00000000200003c8        0x4 /usr/local/Cellar/arm-none-eabi-gcc/9-2019-q4-major/gcc/bin/../lib/gcc/arm-none-eabi/9.2.1/thumb/v6-m/nofp/crtbegin.o
 .init_array    0x00000000200003cc        0x4 CMakeFiles/isla.dir/Users/breadbook/Documents/Pico_Projects/Pico/pico-sdk/src/rp2_common/pico_unique_id/unique_id.c.obj
                0x00000000200003d0                PROVIDE (__init_array_end = .)
                0x00000000200003d0                . = ALIGN (0x4)
                [!provide]                        PROVIDE (__fini_array_start = .)
 *(SORT_BY_NAME(.fini_array.*))
 *(.fini_array)
                [!provide]                        PROVIDE (__fini_array_end = .)
 *(.jcr)
                0x00000000200003d0                . = ALIGN (0x4)
                0x00000000200003d0                __data_end__ = .

.igot.plt       0x00000000200003d0        0x0 load address 0x000000001000252c
 .igot.plt      0x00000000200003d0        0x0 /usr/local/Cellar/arm-none-eabi-gcc/9-2019-q4-major/gcc/bin/../lib/gcc/arm-none-eabi/9.2.1/thumb/v6-m/nofp/crtbegin.o

.uninitialized_data
                0x00000000200003d0        0x0 load address 0x000000001000252c
                0x00000000200003d0                . = ALIGN (0x4)
 *(.uninitialized_data*)

.scratch_x      0x0000000020040000        0x0 load address 0x000000001000252c
                0x0000000020040000                __scratch_x_start__ = .
 *(.scratch_x.*)
                0x0000000020040000                . = ALIGN (0x4)
                0x0000000020040000                __scratch_x_end__ = .
                0x000000001000252c                __scratch_x_source__ = LOADADDR (.scratch_x)

.scratch_y      0x0000000020041000        0x0 load address 0x000000001000252c
                0x0000000020041000                __scratch_y_start__ = .
 *(.scratch_y.*)
                0x0000000020041000                . = ALIGN (0x4)
                0x0000000020041000                __scratch_y_end__ = .
                0x000000001000252c                __scratch_y_source__ = LOADADDR (.scratch_y)

.bss            0x00000000200003d0      0x508
                0x00000000200003d0                . = ALIGN (0x4)
                0x00000000200003d0                __bss_start__ = .
 *(SORT_BY_ALIGNMENT(SORT_BY_NAME(.bss*)))
 .bss.default_alarm_pool_entries
                0x00000000200003d0      0x100 CMakeFiles/isla.dir/Users/breadbook/Documents/Pico_Projects/Pico/pico-sdk/src/common/pico_time/time.c.obj
 .bss           0x00000000200004d0       0x1c /usr/local/Cellar/arm-none-eabi-gcc/9-2019-q4-major/gcc/bin/../lib/gcc/arm-none-eabi/9.2.1/thumb/v6-m/nofp/crtbegin.o
 .bss.M1_RPM    0x00000000200004ec        0x4 CMakeFiles/isla.dir/isla.c.obj
                0x00000000200004ec                M1_RPM
 .bss.M2_RPM    0x00000000200004f0        0x4 CMakeFiles/isla.dir/isla.c.obj
                0x00000000200004f0                M2_RPM
 .bss._callbacks
                0x00000000200004f4        0x8 CMakeFiles/isla.dir/Users/breadbook/Documents/Pico_Projects/Pico/pico-sdk/src/rp2_common/hardware_gpio/gpio.c.obj
 .bss.adjust    0x00000000200004fc        0x4 CMakeFiles/isla.dir/isla.c.obj
                0x00000000200004fc                adjust
 .bss.alarm_callbacks
                0x0000000020000500       0x10 CMakeFiles/isla.dir/Users/breadbook/Documents/Pico_Projects/Pico/pico-sdk/src/rp2_common/hardware_timer/timer.c.obj
 .bss.boot2_copyout
                0x0000000020000510      0x100 CMakeFiles/isla.dir/Users/breadbook/Documents/Pico_Projects/Pico/pico-sdk/src/rp2_common/hardware_flash/flash.c.obj
 .bss.configured_freq
                0x0000000020000610       0x28 CMakeFiles/isla.dir/Users/breadbook/Documents/Pico_Projects/Pico/pico-sdk/src/rp2_common/hardware_clocks/clocks.c.obj
 .bss.counter1  0x0000000020000638        0x4 CMakeFiles/isla.dir/isla.c.obj
                0x0000000020000638                counter1
 .bss.counter2  0x000000002000063c        0x4 CMakeFiles/isla.dir/isla.c.obj
                0x000000002000063c                counter2
 .bss.default_alarm_pool_entry_ids_high
                0x0000000020000640       0x10 CMakeFiles/isla.dir/Users/breadbook/Documents/Pico_Projects/Pico/pico-sdk/src/common/pico_time/time.c.obj
 .bss.default_alarm_pool_heap_nodes
                0x0000000020000650       0x30 CMakeFiles/isla.dir/Users/breadbook/Documents/Pico_Projects/Pico/pico-sdk/src/common/pico_time/time.c.obj
 .bss.drivers   0x0000000020000680        0x4 CMakeFiles/isla.dir/Users/breadbook/Documents/Pico_Projects/Pico/pico-sdk/src/rp2_common/pico_stdio/stdio.c.obj
 .bss.error_M1  0x0000000020000684        0x4 CMakeFiles/isla.dir/isla.c.obj
                0x0000000020000684                error_M1
 .bss.error_M2  0x0000000020000688        0x4 CMakeFiles/isla.dir/isla.c.obj
                0x0000000020000688                error_M2
 .bss.filter    0x000000002000068c        0x4 CMakeFiles/isla.dir/Users/breadbook/Documents/Pico_Projects/Pico/pico-sdk/src/rp2_common/pico_stdio/stdio.c.obj
 .bss.lazy_vsnprintf
                0x0000000020000690        0x4 CMakeFiles/isla.dir/Users/breadbook/Documents/Pico_Projects/Pico/pico-sdk/src/rp2_common/pico_printf/printf.c.obj
 .bss.pools     0x0000000020000694       0x10 CMakeFiles/isla.dir/Users/breadbook/Documents/Pico_Projects/Pico/pico-sdk/src/common/pico_time/time.c.obj
 .bss.prev_M1   0x00000000200006a4        0x4 CMakeFiles/isla.dir/isla.c.obj
                0x00000000200006a4                prev_M1
 .bss.prev_M2   0x00000000200006a8        0x4 CMakeFiles/isla.dir/isla.c.obj
                0x00000000200006a8                prev_M2
 .bss.pw_M1     0x00000000200006ac        0x4 CMakeFiles/isla.dir/isla.c.obj
                0x00000000200006ac                pw_M1
 .bss.pw_M2     0x00000000200006b0        0x4 CMakeFiles/isla.dir/isla.c.obj
                0x00000000200006b0                pw_M2
 .bss.retrieved_id
                0x00000000200006b4        0x8 CMakeFiles/isla.dir/Users/breadbook/Documents/Pico_Projects/Pico/pico-sdk/src/rp2_common/pico_unique_id/unique_id.c.obj
 .bss.sleep_notifier
                0x00000000200006bc        0x4 CMakeFiles/isla.dir/Users/breadbook/Documents/Pico_Projects/Pico/pico-sdk/src/common/pico_time/time.c.obj
 .bss.target_hi
                0x00000000200006c0       0x10 CMakeFiles/isla.dir/Users/breadbook/Documents/Pico_Projects/Pico/pico-sdk/src/rp2_common/hardware_timer/timer.c.obj
 .bss.boot2_copyout_valid
                0x00000000200006d0        0x1 CMakeFiles/isla.dir/Users/breadbook/Documents/Pico_Projects/Pico/pico-sdk/src/rp2_common/hardware_flash/flash.c.obj
 .bss.claimed   0x00000000200006d1        0x1 CMakeFiles/isla.dir/Users/breadbook/Documents/Pico_Projects/Pico/pico-sdk/src/rp2_common/hardware_timer/timer.c.obj
 .bss.irq_hander_chain_free_slot_head
                0x00000000200006d2        0x1 CMakeFiles/isla.dir/Users/breadbook/Documents/Pico_Projects/Pico/pico-sdk/src/rp2_common/hardware_irq/irq.c.obj
 .bss.timer_callbacks_pending
                0x00000000200006d3        0x1 CMakeFiles/isla.dir/Users/breadbook/Documents/Pico_Projects/Pico/pico-sdk/src/rp2_common/hardware_timer/timer.c.obj
 *(COMMON)
 COMMON         0x00000000200006d4      0x100 CMakeFiles/isla.dir/Users/breadbook/Documents/Pico_Projects/Pico/pico-sdk/src/rp2_common/pico_double/double_init_rom.c.obj
                0x00000000200006d4                sd_table
 COMMON         0x00000000200007d4      0x104 CMakeFiles/isla.dir/Users/breadbook/Documents/Pico_Projects/Pico/pico-sdk/src/rp2_common/pico_float/float_init_rom.c.obj
                0x00000000200007d4                sf_table
                0x00000000200008d4                sf_clz_func
                0x00000000200008d8                . = ALIGN (0x4)
                0x00000000200008d8                __bss_end__ = .

.heap           0x00000000200008d8      0x800
                0x00000000200008d8                __end__ = .
                0x00000000200008d8                end = __end__
 *(.heap*)
 .heap          0x00000000200008d8      0x800 CMakeFiles/isla.dir/Users/breadbook/Documents/Pico_Projects/Pico/pico-sdk/src/rp2_common/pico_standard_link/crt0.S.obj
                0x00000000200010d8                __HeapLimit = .

.stack1_dummy   0x0000000020040000        0x0
 *(.stack1*)

.stack_dummy    0x0000000020041000      0x800
 *(.stack*)
 .stack         0x0000000020041000      0x800 CMakeFiles/isla.dir/Users/breadbook/Documents/Pico_Projects/Pico/pico-sdk/src/rp2_common/pico_standard_link/crt0.S.obj

.flash_end      0x000000001000252c        0x0
                0x000000001000252c                __flash_binary_end = .
                0x0000000020040000                __StackLimit = (ORIGIN (RAM) + LENGTH (RAM))
                0x0000000020041000                __StackOneTop = (ORIGIN (SCRATCH_X) + LENGTH (SCRATCH_X))
                0x0000000020042000                __StackTop = (ORIGIN (SCRATCH_Y) + LENGTH (SCRATCH_Y))
                0x0000000020041000                __StackOneBottom = (__StackOneTop - SIZEOF (.stack1_dummy))
                0x0000000020041800                __StackBottom = (__StackTop - SIZEOF (.stack_dummy))
                0x0000000020042000                PROVIDE (__stack = __StackTop)
                0x0000000000000001                ASSERT ((__StackLimit >= __HeapLimit), region RAM overflowed)
                0x0000000000000001                ASSERT (((__binary_info_header_end - __logical_binary_start) <= 0x100), Binary info must be in first 256 bytes of the binary)
LOAD CMakeFiles/isla.dir/isla.c.obj
LOAD CMakeFiles/isla.dir/Users/breadbook/Documents/Pico_Projects/Pico/pico-sdk/src/rp2_common/pico_stdlib/stdlib.c.obj
LOAD CMakeFiles/isla.dir/Users/breadbook/Documents/Pico_Projects/Pico/pico-sdk/src/rp2_common/hardware_gpio/gpio.c.obj
LOAD CMakeFiles/isla.dir/Users/breadbook/Documents/Pico_Projects/Pico/pico-sdk/src/rp2_common/hardware_claim/claim.c.obj
LOAD CMakeFiles/isla.dir/Users/breadbook/Documents/Pico_Projects/Pico/pico-sdk/src/rp2_common/pico_platform/platform.c.obj
LOAD CMakeFiles/isla.dir/Users/breadbook/Documents/Pico_Projects/Pico/pico-sdk/src/rp2_common/hardware_sync/sync.c.obj
LOAD CMakeFiles/isla.dir/Users/breadbook/Documents/Pico_Projects/Pico/pico-sdk/src/rp2_common/hardware_uart/uart.c.obj
LOAD CMakeFiles/isla.dir/Users/breadbook/Documents/Pico_Projects/Pico/pico-sdk/src/rp2_common/hardware_divider/divider.S.obj
LOAD CMakeFiles/isla.dir/Users/breadbook/Documents/Pico_Projects/Pico/pico-sdk/src/common/pico_time/time.c.obj
LOAD CMakeFiles/isla.dir/Users/breadbook/Documents/Pico_Projects/Pico/pico-sdk/src/common/pico_time/timeout_helper.c.obj
LOAD CMakeFiles/isla.dir/Users/breadbook/Documents/Pico_Projects/Pico/pico-sdk/src/rp2_common/hardware_timer/timer.c.obj
LOAD CMakeFiles/isla.dir/Users/breadbook/Documents/Pico_Projects/Pico/pico-sdk/src/common/pico_sync/sem.c.obj
LOAD CMakeFiles/isla.dir/Users/breadbook/Documents/Pico_Projects/Pico/pico-sdk/src/common/pico_sync/lock_core.c.obj
LOAD CMakeFiles/isla.dir/Users/breadbook/Documents/Pico_Projects/Pico/pico-sdk/src/common/pico_sync/mutex.c.obj
LOAD CMakeFiles/isla.dir/Users/breadbook/Documents/Pico_Projects/Pico/pico-sdk/src/common/pico_sync/critical_section.c.obj
LOAD CMakeFiles/isla.dir/Users/breadbook/Documents/Pico_Projects/Pico/pico-sdk/src/common/pico_util/datetime.c.obj
LOAD CMakeFiles/isla.dir/Users/breadbook/Documents/Pico_Projects/Pico/pico-sdk/src/common/pico_util/pheap.c.obj
LOAD CMakeFiles/isla.dir/Users/breadbook/Documents/Pico_Projects/Pico/pico-sdk/src/common/pico_util/queue.c.obj
LOAD CMakeFiles/isla.dir/Users/breadbook/Documents/Pico_Projects/Pico/pico-sdk/src/rp2_common/pico_runtime/runtime.c.obj
LOAD CMakeFiles/isla.dir/Users/breadbook/Documents/Pico_Projects/Pico/pico-sdk/src/rp2_common/hardware_clocks/clocks.c.obj
LOAD CMakeFiles/isla.dir/Users/breadbook/Documents/Pico_Projects/Pico/pico-sdk/src/rp2_common/hardware_irq/irq.c.obj
LOAD CMakeFiles/isla.dir/Users/breadbook/Documents/Pico_Projects/Pico/pico-sdk/src/rp2_common/hardware_irq/irq_handler_chain.S.obj
LOAD CMakeFiles/isla.dir/Users/breadbook/Documents/Pico_Projects/Pico/pico-sdk/src/rp2_common/hardware_pll/pll.c.obj
LOAD CMakeFiles/isla.dir/Users/breadbook/Documents/Pico_Projects/Pico/pico-sdk/src/rp2_common/hardware_vreg/vreg.c.obj
LOAD CMakeFiles/isla.dir/Users/breadbook/Documents/Pico_Projects/Pico/pico-sdk/src/rp2_common/hardware_watchdog/watchdog.c.obj
LOAD CMakeFiles/isla.dir/Users/breadbook/Documents/Pico_Projects/Pico/pico-sdk/src/rp2_common/hardware_xosc/xosc.c.obj
LOAD CMakeFiles/isla.dir/Users/breadbook/Documents/Pico_Projects/Pico/pico-sdk/src/rp2_common/pico_printf/printf.c.obj
LOAD CMakeFiles/isla.dir/Users/breadbook/Documents/Pico_Projects/Pico/pico-sdk/src/rp2_common/pico_bit_ops/bit_ops_aeabi.S.obj
LOAD CMakeFiles/isla.dir/Users/breadbook/Documents/Pico_Projects/Pico/pico-sdk/src/rp2_common/pico_bootrom/bootrom.c.obj
LOAD CMakeFiles/isla.dir/Users/breadbook/Documents/Pico_Projects/Pico/pico-sdk/src/rp2_common/pico_divider/divider.S.obj
LOAD CMakeFiles/isla.dir/Users/breadbook/Documents/Pico_Projects/Pico/pico-sdk/src/rp2_common/pico_double/double_aeabi.S.obj
LOAD CMakeFiles/isla.dir/Users/breadbook/Documents/Pico_Projects/Pico/pico-sdk/src/rp2_common/pico_double/double_init_rom.c.obj
LOAD CMakeFiles/isla.dir/Users/breadbook/Documents/Pico_Projects/Pico/pico-sdk/src/rp2_common/pico_double/double_math.c.obj
LOAD CMakeFiles/isla.dir/Users/breadbook/Documents/Pico_Projects/Pico/pico-sdk/src/rp2_common/pico_double/double_v1_rom_shim.S.obj
LOAD CMakeFiles/isla.dir/Users/breadbook/Documents/Pico_Projects/Pico/pico-sdk/src/rp2_common/pico_int64_ops/pico_int64_ops_aeabi.S.obj
LOAD CMakeFiles/isla.dir/Users/breadbook/Documents/Pico_Projects/Pico/pico-sdk/src/rp2_common/pico_float/float_aeabi.S.obj
LOAD CMakeFiles/isla.dir/Users/breadbook/Documents/Pico_Projects/Pico/pico-sdk/src/rp2_common/pico_float/float_init_rom.c.obj
LOAD CMakeFiles/isla.dir/Users/breadbook/Documents/Pico_Projects/Pico/pico-sdk/src/rp2_common/pico_float/float_math.c.obj
LOAD CMakeFiles/isla.dir/Users/breadbook/Documents/Pico_Projects/Pico/pico-sdk/src/rp2_common/pico_float/float_v1_rom_shim.S.obj
LOAD CMakeFiles/isla.dir/Users/breadbook/Documents/Pico_Projects/Pico/pico-sdk/src/rp2_common/pico_malloc/pico_malloc.c.obj
LOAD CMakeFiles/isla.dir/Users/breadbook/Documents/Pico_Projects/Pico/pico-sdk/src/rp2_common/pico_mem_ops/mem_ops_aeabi.S.obj
LOAD CMakeFiles/isla.dir/Users/breadbook/Documents/Pico_Projects/Pico/pico-sdk/src/rp2_common/pico_standard_link/crt0.S.obj
LOAD CMakeFiles/isla.dir/Users/breadbook/Documents/Pico_Projects/Pico/pico-sdk/src/rp2_common/pico_standard_link/new_delete.cpp.obj
LOAD CMakeFiles/isla.dir/Users/breadbook/Documents/Pico_Projects/Pico/pico-sdk/src/rp2_common/pico_standard_link/binary_info.c.obj
LOAD CMakeFiles/isla.dir/Users/breadbook/Documents/Pico_Projects/Pico/pico-sdk/src/rp2_common/pico_stdio/stdio.c.obj
LOAD CMakeFiles/isla.dir/Users/breadbook/Documents/Pico_Projects/Pico/pico-sdk/src/rp2_common/pico_stdio_usb/reset_interface.c.obj
LOAD CMakeFiles/isla.dir/Users/breadbook/Documents/Pico_Projects/Pico/pico-sdk/src/rp2_common/pico_stdio_usb/stdio_usb.c.obj
LOAD CMakeFiles/isla.dir/Users/breadbook/Documents/Pico_Projects/Pico/pico-sdk/src/rp2_common/pico_stdio_usb/stdio_usb_descriptors.c.obj
LOAD CMakeFiles/isla.dir/Users/breadbook/Documents/Pico_Projects/Pico/pico-sdk/lib/tinyusb/src/portable/raspberrypi/rp2040/dcd_rp2040.c.obj
LOAD CMakeFiles/isla.dir/Users/breadbook/Documents/Pico_Projects/Pico/pico-sdk/lib/tinyusb/src/portable/raspberrypi/rp2040/rp2040_usb.c.obj
LOAD CMakeFiles/isla.dir/Users/breadbook/Documents/Pico_Projects/Pico/pico-sdk/lib/tinyusb/src/device/usbd.c.obj
LOAD CMakeFiles/isla.dir/Users/breadbook/Documents/Pico_Projects/Pico/pico-sdk/lib/tinyusb/src/device/usbd_control.c.obj
LOAD CMakeFiles/isla.dir/Users/breadbook/Documents/Pico_Projects/Pico/pico-sdk/lib/tinyusb/src/class/audio/audio_device.c.obj
LOAD CMakeFiles/isla.dir/Users/breadbook/Documents/Pico_Projects/Pico/pico-sdk/lib/tinyusb/src/class/cdc/cdc_device.c.obj
LOAD CMakeFiles/isla.dir/Users/breadbook/Documents/Pico_Projects/Pico/pico-sdk/lib/tinyusb/src/class/dfu/dfu_device.c.obj
LOAD CMakeFiles/isla.dir/Users/breadbook/Documents/Pico_Projects/Pico/pico-sdk/lib/tinyusb/src/class/dfu/dfu_rt_device.c.obj
LOAD CMakeFiles/isla.dir/Users/breadbook/Documents/Pico_Projects/Pico/pico-sdk/lib/tinyusb/src/class/hid/hid_device.c.obj
LOAD CMakeFiles/isla.dir/Users/breadbook/Documents/Pico_Projects/Pico/pico-sdk/lib/tinyusb/src/class/midi/midi_device.c.obj
LOAD CMakeFiles/isla.dir/Users/breadbook/Documents/Pico_Projects/Pico/pico-sdk/lib/tinyusb/src/class/msc/msc_device.c.obj
LOAD CMakeFiles/isla.dir/Users/breadbook/Documents/Pico_Projects/Pico/pico-sdk/lib/tinyusb/src/class/net/net_device.c.obj
LOAD CMakeFiles/isla.dir/Users/breadbook/Documents/Pico_Projects/Pico/pico-sdk/lib/tinyusb/src/class/usbtmc/usbtmc_device.c.obj
LOAD CMakeFiles/isla.dir/Users/breadbook/Documents/Pico_Projects/Pico/pico-sdk/lib/tinyusb/src/class/vendor/vendor_device.c.obj
LOAD CMakeFiles/isla.dir/Users/breadbook/Documents/Pico_Projects/Pico/pico-sdk/lib/tinyusb/src/tusb.c.obj
LOAD CMakeFiles/isla.dir/Users/breadbook/Documents/Pico_Projects/Pico/pico-sdk/lib/tinyusb/src/common/tusb_fifo.c.obj
LOAD CMakeFiles/isla.dir/Users/breadbook/Documents/Pico_Projects/Pico/pico-sdk/src/rp2_common/pico_fix/rp2040_usb_device_enumeration/rp2040_usb_device_enumeration.c.obj
LOAD CMakeFiles/isla.dir/Users/breadbook/Documents/Pico_Projects/Pico/pico-sdk/src/rp2_common/pico_unique_id/unique_id.c.obj
LOAD CMakeFiles/isla.dir/Users/breadbook/Documents/Pico_Projects/Pico/pico-sdk/src/rp2_common/hardware_flash/flash.c.obj
LOAD CMakeFiles/isla.dir/Users/breadbook/Documents/Pico_Projects/Pico/pico-sdk/src/rp2_common/hardware_i2c/i2c.c.obj
LOAD /var/folders/xy/4ngrtz112f729jdvb4m9j8w80000gn/T//ccVpZQVn.o
LOAD /usr/local/Cellar/arm-none-eabi-gcc/9-2019-q4-major/gcc/bin/../lib/gcc/arm-none-eabi/9.2.1/../../../../arm-none-eabi/lib/thumb/v6-m/nofp/libstdc++.a
LOAD /usr/local/Cellar/arm-none-eabi-gcc/9-2019-q4-major/gcc/bin/../lib/gcc/arm-none-eabi/9.2.1/../../../../arm-none-eabi/lib/thumb/v6-m/nofp/libm.a
START GROUP
LOAD /usr/local/Cellar/arm-none-eabi-gcc/9-2019-q4-major/gcc/bin/../lib/gcc/arm-none-eabi/9.2.1/thumb/v6-m/nofp/libgcc.a
LOAD /usr/local/Cellar/arm-none-eabi-gcc/9-2019-q4-major/gcc/bin/../lib/gcc/arm-none-eabi/9.2.1/../../../../arm-none-eabi/lib/thumb/v6-m/nofp/libc.a
END GROUP
START GROUP
LOAD /usr/local/Cellar/arm-none-eabi-gcc/9-2019-q4-major/gcc/bin/../lib/gcc/arm-none-eabi/9.2.1/thumb/v6-m/nofp/libgcc.a
LOAD /usr/local/Cellar/arm-none-eabi-gcc/9-2019-q4-major/gcc/bin/../lib/gcc/arm-none-eabi/9.2.1/../../../../arm-none-eabi/lib/thumb/v6-m/nofp/libc.a
LOAD /usr/local/Cellar/arm-none-eabi-gcc/9-2019-q4-major/gcc/bin/../lib/gcc/arm-none-eabi/9.2.1/../../../../arm-none-eabi/lib/thumb/v6-m/nofp/libnosys.a
END GROUP
LOAD /usr/local/Cellar/arm-none-eabi-gcc/9-2019-q4-major/gcc/bin/../lib/gcc/arm-none-eabi/9.2.1/thumb/v6-m/nofp/crtend.o
LOAD /usr/local/Cellar/arm-none-eabi-gcc/9-2019-q4-major/gcc/bin/../lib/gcc/arm-none-eabi/9.2.1/thumb/v6-m/nofp/crtn.o
OUTPUT(isla.elf elf32-littlearm)

.ARM.attributes
                0x0000000000000000       0x28
 .ARM.attributes
                0x0000000000000000       0x1e /usr/local/Cellar/arm-none-eabi-gcc/9-2019-q4-major/gcc/bin/../lib/gcc/arm-none-eabi/9.2.1/thumb/v6-m/nofp/crti.o
 .ARM.attributes
                0x000000000000001e       0x2c /usr/local/Cellar/arm-none-eabi-gcc/9-2019-q4-major/gcc/bin/../lib/gcc/arm-none-eabi/9.2.1/thumb/v6-m/nofp/crtbegin.o
 .ARM.attributes
                0x000000000000004a       0x2c CMakeFiles/isla.dir/isla.c.obj
 .ARM.attributes
                0x0000000000000076       0x2c CMakeFiles/isla.dir/Users/breadbook/Documents/Pico_Projects/Pico/pico-sdk/src/rp2_common/hardware_gpio/gpio.c.obj
 .ARM.attributes
                0x00000000000000a2       0x2c CMakeFiles/isla.dir/Users/breadbook/Documents/Pico_Projects/Pico/pico-sdk/src/rp2_common/hardware_claim/claim.c.obj
 .ARM.attributes
                0x00000000000000ce       0x2c CMakeFiles/isla.dir/Users/breadbook/Documents/Pico_Projects/Pico/pico-sdk/src/rp2_common/pico_platform/platform.c.obj
 .ARM.attributes
                0x00000000000000fa       0x2c CMakeFiles/isla.dir/Users/breadbook/Documents/Pico_Projects/Pico/pico-sdk/src/rp2_common/hardware_sync/sync.c.obj
 .ARM.attributes
                0x0000000000000126       0x2c CMakeFiles/isla.dir/Users/breadbook/Documents/Pico_Projects/Pico/pico-sdk/src/common/pico_time/time.c.obj
 .ARM.attributes
                0x0000000000000152       0x2c CMakeFiles/isla.dir/Users/breadbook/Documents/Pico_Projects/Pico/pico-sdk/src/rp2_common/hardware_timer/timer.c.obj
 .ARM.attributes
                0x000000000000017e       0x2c CMakeFiles/isla.dir/Users/breadbook/Documents/Pico_Projects/Pico/pico-sdk/src/common/pico_sync/lock_core.c.obj
 .ARM.attributes
                0x00000000000001aa       0x2c CMakeFiles/isla.dir/Users/breadbook/Documents/Pico_Projects/Pico/pico-sdk/src/common/pico_sync/mutex.c.obj
 .ARM.attributes
                0x00000000000001d6       0x2c CMakeFiles/isla.dir/Users/breadbook/Documents/Pico_Projects/Pico/pico-sdk/src/common/pico_util/pheap.c.obj
 .ARM.attributes
                0x0000000000000202       0x2c CMakeFiles/isla.dir/Users/breadbook/Documents/Pico_Projects/Pico/pico-sdk/src/rp2_common/pico_runtime/runtime.c.obj
 .ARM.attributes
                0x000000000000022e       0x2c CMakeFiles/isla.dir/Users/breadbook/Documents/Pico_Projects/Pico/pico-sdk/src/rp2_common/hardware_clocks/clocks.c.obj
 .ARM.attributes
                0x000000000000025a       0x2c CMakeFiles/isla.dir/Users/breadbook/Documents/Pico_Projects/Pico/pico-sdk/src/rp2_common/hardware_irq/irq.c.obj
 .ARM.attributes
                0x0000000000000286       0x22 CMakeFiles/isla.dir/Users/breadbook/Documents/Pico_Projects/Pico/pico-sdk/src/rp2_common/hardware_irq/irq_handler_chain.S.obj
 .ARM.attributes
                0x00000000000002a8       0x2c CMakeFiles/isla.dir/Users/breadbook/Documents/Pico_Projects/Pico/pico-sdk/src/rp2_common/hardware_pll/pll.c.obj
 .ARM.attributes
                0x00000000000002d4       0x2c CMakeFiles/isla.dir/Users/breadbook/Documents/Pico_Projects/Pico/pico-sdk/src/rp2_common/hardware_watchdog/watchdog.c.obj
 .ARM.attributes
                0x0000000000000300       0x2c CMakeFiles/isla.dir/Users/breadbook/Documents/Pico_Projects/Pico/pico-sdk/src/rp2_common/hardware_xosc/xosc.c.obj
 .ARM.attributes
                0x000000000000032c       0x2c CMakeFiles/isla.dir/Users/breadbook/Documents/Pico_Projects/Pico/pico-sdk/src/rp2_common/pico_printf/printf.c.obj
 .ARM.attributes
                0x0000000000000358       0x22 CMakeFiles/isla.dir/Users/breadbook/Documents/Pico_Projects/Pico/pico-sdk/src/rp2_common/pico_bit_ops/bit_ops_aeabi.S.obj
 .ARM.attributes
                0x000000000000037a       0x2c CMakeFiles/isla.dir/Users/breadbook/Documents/Pico_Projects/Pico/pico-sdk/src/rp2_common/pico_bootrom/bootrom.c.obj
 .ARM.attributes
                0x00000000000003a6       0x22 CMakeFiles/isla.dir/Users/breadbook/Documents/Pico_Projects/Pico/pico-sdk/src/rp2_common/pico_divider/divider.S.obj
 .ARM.attributes
                0x00000000000003c8       0x22 CMakeFiles/isla.dir/Users/breadbook/Documents/Pico_Projects/Pico/pico-sdk/src/rp2_common/pico_double/double_aeabi.S.obj
 .ARM.attributes
                0x00000000000003ea       0x2c CMakeFiles/isla.dir/Users/breadbook/Documents/Pico_Projects/Pico/pico-sdk/src/rp2_common/pico_double/double_init_rom.c.obj
 .ARM.attributes
                0x0000000000000416       0x22 CMakeFiles/isla.dir/Users/breadbook/Documents/Pico_Projects/Pico/pico-sdk/src/rp2_common/pico_double/double_v1_rom_shim.S.obj
 .ARM.attributes
                0x0000000000000438       0x22 CMakeFiles/isla.dir/Users/breadbook/Documents/Pico_Projects/Pico/pico-sdk/src/rp2_common/pico_float/float_aeabi.S.obj
 .ARM.attributes
                0x000000000000045a       0x2c CMakeFiles/isla.dir/Users/breadbook/Documents/Pico_Projects/Pico/pico-sdk/src/rp2_common/pico_float/float_init_rom.c.obj
 .ARM.attributes
                0x0000000000000486       0x22 CMakeFiles/isla.dir/Users/breadbook/Documents/Pico_Projects/Pico/pico-sdk/src/rp2_common/pico_float/float_v1_rom_shim.S.obj
 .ARM.attributes
                0x00000000000004a8       0x22 CMakeFiles/isla.dir/Users/breadbook/Documents/Pico_Projects/Pico/pico-sdk/src/rp2_common/pico_mem_ops/mem_ops_aeabi.S.obj
 .ARM.attributes
                0x00000000000004ca       0x22 CMakeFiles/isla.dir/Users/breadbook/Documents/Pico_Projects/Pico/pico-sdk/src/rp2_common/pico_standard_link/crt0.S.obj
 .ARM.attributes
                0x00000000000004ec       0x32 CMakeFiles/isla.dir/Users/breadbook/Documents/Pico_Projects/Pico/pico-sdk/src/rp2_common/pico_standard_link/binary_info.c.obj
 .ARM.attributes
                0x000000000000051e       0x2c CMakeFiles/isla.dir/Users/breadbook/Documents/Pico_Projects/Pico/pico-sdk/src/rp2_common/pico_stdio/stdio.c.obj
 .ARM.attributes
                0x000000000000054a       0x2c CMakeFiles/isla.dir/Users/breadbook/Documents/Pico_Projects/Pico/pico-sdk/src/rp2_common/pico_unique_id/unique_id.c.obj
 .ARM.attributes
                0x0000000000000576       0x2c CMakeFiles/isla.dir/Users/breadbook/Documents/Pico_Projects/Pico/pico-sdk/src/rp2_common/hardware_flash/flash.c.obj
 .ARM.attributes
                0x00000000000005a2       0x22 /var/folders/xy/4ngrtz112f729jdvb4m9j8w80000gn/T//ccVpZQVn.o
 .ARM.attributes
                0x00000000000005c4       0x1e /usr/local/Cellar/arm-none-eabi-gcc/9-2019-q4-major/gcc/bin/../lib/gcc/arm-none-eabi/9.2.1/thumb/v6-m/nofp/libgcc.a(_dvmd_tls.o)
 .ARM.attributes
                0x00000000000005e2       0x2c /usr/local/Cellar/arm-none-eabi-gcc/9-2019-q4-major/gcc/bin/../lib/gcc/arm-none-eabi/9.2.1/../../../../arm-none-eabi/lib/thumb/v6-m/nofp/libc.a(lib_a-strlen-stub.o)

.comment        0x0000000000000000       0x79
 .comment       0x0000000000000000       0x79 CMakeFiles/isla.dir/isla.c.obj
                                         0x7a (size before relaxing)
 .comment       0x0000000000000079       0x7a CMakeFiles/isla.dir/Users/breadbook/Documents/Pico_Projects/Pico/pico-sdk/src/rp2_common/hardware_gpio/gpio.c.obj
 .comment       0x0000000000000079       0x7a CMakeFiles/isla.dir/Users/breadbook/Documents/Pico_Projects/Pico/pico-sdk/src/rp2_common/hardware_claim/claim.c.obj
 .comment       0x0000000000000079       0x7a CMakeFiles/isla.dir/Users/breadbook/Documents/Pico_Projects/Pico/pico-sdk/src/rp2_common/pico_platform/platform.c.obj
 .comment       0x0000000000000079       0x7a CMakeFiles/isla.dir/Users/breadbook/Documents/Pico_Projects/Pico/pico-sdk/src/rp2_common/hardware_sync/sync.c.obj
 .comment       0x0000000000000079       0x7a CMakeFiles/isla.dir/Users/breadbook/Documents/Pico_Projects/Pico/pico-sdk/src/common/pico_time/time.c.obj
 .comment       0x0000000000000079       0x7a CMakeFiles/isla.dir/Users/breadbook/Documents/Pico_Projects/Pico/pico-sdk/src/rp2_common/hardware_timer/timer.c.obj
 .comment       0x0000000000000079       0x7a CMakeFiles/isla.dir/Users/breadbook/Documents/Pico_Projects/Pico/pico-sdk/src/common/pico_sync/lock_core.c.obj
 .comment       0x0000000000000079       0x7a CMakeFiles/isla.dir/Users/breadbook/Documents/Pico_Projects/Pico/pico-sdk/src/common/pico_sync/mutex.c.obj
 .comment       0x0000000000000079       0x7a CMakeFiles/isla.dir/Users/breadbook/Documents/Pico_Projects/Pico/pico-sdk/src/common/pico_util/pheap.c.obj
 .comment       0x0000000000000079       0x7a CMakeFiles/isla.dir/Users/breadbook/Documents/Pico_Projects/Pico/pico-sdk/src/rp2_common/pico_runtime/runtime.c.obj
 .comment       0x0000000000000079       0x7a CMakeFiles/isla.dir/Users/breadbook/Documents/Pico_Projects/Pico/pico-sdk/src/rp2_common/hardware_clocks/clocks.c.obj
 .comment       0x0000000000000079       0x7a CMakeFiles/isla.dir/Users/breadbook/Documents/Pico_Projects/Pico/pico-sdk/src/rp2_common/hardware_irq/irq.c.obj
 .comment       0x0000000000000079       0x7a CMakeFiles/isla.dir/Users/breadbook/Documents/Pico_Projects/Pico/pico-sdk/src/rp2_common/hardware_pll/pll.c.obj
 .comment       0x0000000000000079       0x7a CMakeFiles/isla.dir/Users/breadbook/Documents/Pico_Projects/Pico/pico-sdk/src/rp2_common/hardware_watchdog/watchdog.c.obj
 .comment       0x0000000000000079       0x7a CMakeFiles/isla.dir/Users/breadbook/Documents/Pico_Projects/Pico/pico-sdk/src/rp2_common/hardware_xosc/xosc.c.obj
 .comment       0x0000000000000079       0x7a CMakeFiles/isla.dir/Users/breadbook/Documents/Pico_Projects/Pico/pico-sdk/src/rp2_common/pico_printf/printf.c.obj
 .comment       0x0000000000000079       0x7a CMakeFiles/isla.dir/Users/breadbook/Documents/Pico_Projects/Pico/pico-sdk/src/rp2_common/pico_bootrom/bootrom.c.obj
 .comment       0x0000000000000079       0x7a CMakeFiles/isla.dir/Users/breadbook/Documents/Pico_Projects/Pico/pico-sdk/src/rp2_common/pico_double/double_init_rom.c.obj
 .comment       0x0000000000000079       0x7a CMakeFiles/isla.dir/Users/breadbook/Documents/Pico_Projects/Pico/pico-sdk/src/rp2_common/pico_float/float_init_rom.c.obj
 .comment       0x0000000000000079       0x7a CMakeFiles/isla.dir/Users/breadbook/Documents/Pico_Projects/Pico/pico-sdk/src/rp2_common/pico_standard_link/binary_info.c.obj
 .comment       0x0000000000000079       0x7a CMakeFiles/isla.dir/Users/breadbook/Documents/Pico_Projects/Pico/pico-sdk/src/rp2_common/pico_stdio/stdio.c.obj
 .comment       0x0000000000000079       0x7a CMakeFiles/isla.dir/Users/breadbook/Documents/Pico_Projects/Pico/pico-sdk/src/rp2_common/pico_unique_id/unique_id.c.obj
 .comment       0x0000000000000079       0x7a CMakeFiles/isla.dir/Users/breadbook/Documents/Pico_Projects/Pico/pico-sdk/src/rp2_common/hardware_flash/flash.c.obj

.debug_frame    0x0000000000000000       0x28
 .debug_frame   0x0000000000000000       0x28 /usr/local/Cellar/arm-none-eabi-gcc/9-2019-q4-major/gcc/bin/../lib/gcc/arm-none-eabi/9.2.1/../../../../arm-none-eabi/lib/thumb/v6-m/nofp/libc.a(lib_a-strlen-stub.o)
